[www.landpage.co/8dc75612-c44b-11ea-8171-cab3d0371af0.html]
[backblue.gif]
[fade.gif]
[index.html]
[styles.assets-landingi.com/assets/css/2.11-landend-base.css]
[styles.assets-landingi.com/XIYSPEqx/base.css]
[scripts.assets-landingi.com/lightboxes/lightbox-render6d12.js]
[images.assets-landingi.com/B2YQN4QvqisUQ3sH/header_1_.jpg]
[images.assets-landingi.com/kFRHKNN4xkerozbe/920x920.jpg]
[images.assets-landingi.com/iMZyoatMFamhUaao/Capture.png]
[images.assets-landingi.com/gGfX1Qg5BNDoPx06/kok.png]
[images.assets-landingi.com/0cXhSi14RmsN6O1C/Jul19_CFASandwich_desktop800.png]
[images.assets-landingi.com/PUlZLQ9f5Gnc8jP2/_0003s_0003_NEWStack6200001CFAPDPDeluxeSandwich1085png.png]
[images.assets-landingi.com/TOIjBEEm2eNrwJNt/_0003s_0012_Feed_0001s_0023_Entrees_Spicy_Deluxe_Sandwich.png]
[images.assets-landingi.com/mkHiTBCNfmLyvxwz/grilledClub_colbyJack_PDP.png]
[images.assets-landingi.com/IGdgTGLwXWKlnKPu/nuggetTray_sm_PDP_Desk.png]
[images.assets-landingi.com/tgKsFgo1a63U7Wo3/031417_MacnCheese_SmTray_CateringSize_Prod_CMYK_0038_V4_2880px.png]
[images.assets-landingi.com/ijUjOXvcTCv7J5Fj/saladTrayLarge_Desk.png]
[images.assets-landingi.com/zY5ziKhr2xYAF9j2/GrilledCoolWrapTraySmall_Desk.png]
[images.assets-landingi.com/YTLfzF67a2MdXpwr/_0000s_0004_Feed_0005s_0000_Treats_Frosted_Coffee.png]
[images.assets-landingi.com/zoZt24UvJ7khgJuD/drinkables_2.jpg]
[images.assets-landingi.com/jbM2fHIXp1Co2f9Q/PDP_Dr._Pepper.png]
[images.assets-landingi.com/3sEnHD4fM1Wi0gkL/_0000s_0021_0008_Iced_Coffee_PDP_620.png]
[images.assets-landingi.com/sryK6LY10V5xKXTG/Chick_fil_a_store_front.jpg]
[ajax.googleapis.com/ajax/libs/jquery/1.9.1/jquery.min.js]
[old.assets-landingi.com/bootstrap/js/landend.bootstrap.min.js]
[old.assets-landingi.com/bootstrap/js/bootbox.min.js]
[old.assets-landingi.com/js/landing.js]
[old.assets-landingi.com/assets/js/dist/landend/301019/landend.js]
[old.assets-landingi.com/assets/js/vendor/jquery-form/jquery.form.min.js]
[old.assets-landingi.com/assets/js/landend/190819/landend.js]
[old.assets-landingi.com/assets/js/landend/070619/validation.js]
[www.landpage.co/8dc75612-c44b-11ea-8171-cab3d0371af0.html]
[styles.assets-landingi.com/assets/css/2.11-landend-base.css]
[scripts.assets-landingi.com/video-bg/v0.5/videoBackground.js]
[images.assets-landingi.com/vb71RqDm/BG.jpg]
[styles.assets-landingi.com/XIYSPEqx/base.css]
[old.assets-landingi.com/bootstrap/js/landend.bootstrap.min.js]
[old.assets-landingi.com/bootstrap/js/bootbox.min.js]
[old.assets-landingi.com/js/landing.js]
